Sharon Gao
pwd -> /home/sharongao1997
cd lab01 -> nothing
ls -> #output.txt# output.txt
mkdir lab01 ->  mkdir: cannot create directory 'lab01': File exists
man ls -> manual for 'ls'


-bash-4.2$ cd Desktop
-bash: cd: Desktop: No such file or directory
-bash-4.2$ pwd
/home/sharongao1997
-bash-4.2$ mkdir lab01
mkdir: cannot create directory ‘lab01’: File exists
-bash-4.2$ ls
lab01
-bash-4.2$ cd lab01
-bash-4.2$ ls
#output.txt#  output.txt
-bash-4.2$ emacs output.txt

[1]+  Stopped                 emacs output.txt
-bash-4.2$ man
What manual page do you want?
-bash-4.2$ ls
output.txt  output.txt~
-bash-4.2$ man ls
